===================================================================================
SLURM Job ID:            7311261
Submit time:             Mon Mar 30 14:57:13 BST 2026 (Unix Epoch time: 1774879033)
Start time:              Mon Mar 30 14:59:11 BST 2026 (Unix Epoch time: 1774879151)
No. nodes:               1
No. tasks:               16
Job name:                task3
Account:                 teaching
QoS:                     teaching
Partition (queue):       teaching
Submit directory:        /users/dsb21135/PH510/PH510-Assignment-3/task3
Script name:             /users/dsb21135/PH510/PH510-Assignment-3/task3/task3.sh
Master node:             wee06
Nodes used:              wee06
Task distribution:       
===================================================================================


Task 3 - Standalone Green's function evaluation
Grid: 101x101, h = 1.0 cm
Walkers: 1,000,000 across 16 MPI ranks
========================================================================

========================================================================================
Task 3 - Unified Green's Function Summary
========================================================================================
Grid: 101x101, h = 1.0 cm, walkers = 1,000,000
========================================================================================
Point                     G_L sum   G_L max sigma     G_C max val   G_C max sigma   Time (s)
----------------------------------------------------------------------------------------
Centre                   1.000000       6.526e-05      3.5652e-04       3.028e-07      182.1
Near corner              1.000000       3.558e-04      1.6827e-04       1.180e-07        5.2
Mid-face                 1.000000       3.844e-04      1.9072e-04       1.551e-07       19.3
========================================================================================

================================================================================================
Consistency check: uniform 1 V boundary, zero charge
================================================================================================
Point                          phi (V) estimated sigma
------------------------------------------------------------------------------------------------
Centre                        1.000000       9.984e-04
Near corner                   1.000000       9.556e-04
Mid-face                      1.000000       9.579e-04
------------------------------------------------------------------------------------------------
Expected result: phi = 1.0 V at all three points.
================================================================================================
===================================================================================
SLURM job 7311261 ended:     Mon Mar 30 15:02:54 BST 2026 (Unix Epoch time: 1774879374)
This is an estimated end time using the 'date' command from node wee06.hpc.strath.ac.uk
For accurate timings, use 'sacct -j 7311261 -X --format=Submit,Start,End,Elapsed'
======================================================================================
